<?xml version="1.0" ?>
<testsuites disabled="0" errors="0" failures="0" tests="8" time="658.5211985111237">
	<testsuite disabled="0" errors="0" failures="0" name="Open-CE tests for pytorch-lightning-feedstock " skipped="0" tests="8" time="658.5211985111237">
		<testcase name="Create conda environment opence-conda-env-20230420083157" time="64.781636" timestamp="1681979517.8006349" classname="pytorch-lightning-feedstock:opence-conda-env-py3.10-cuda-openmpi-11.8.yaml" class="pytorch-lightning-feedstock:opence-conda-env-py3.10-cuda-openmpi-11.8.yaml" file="Prefix-tests/open-ce-tests.yaml"/>
		<testcase name="Setup PyTorch-Lightning Tests" time="153.963197" timestamp="1681979582.5823967" classname="pytorch-lightning-feedstock:opence-conda-env-py3.10-cuda-openmpi-11.8.yaml" class="pytorch-lightning-feedstock:opence-conda-env-py3.10-cuda-openmpi-11.8.yaml" file="tests/open-ce-tests.yaml"/>
		<testcase name="Run PyTorch-Lightning tests" time="112.165091" timestamp="1681979736.545717" classname="pytorch-lightning-feedstock:opence-conda-env-py3.10-cuda-openmpi-11.8.yaml" class="pytorch-lightning-feedstock:opence-conda-env-py3.10-cuda-openmpi-11.8.yaml" file="tests/open-ce-tests.yaml"/>
		<testcase name="Clean tests" time="0.473063" timestamp="1681979848.71094" classname="pytorch-lightning-feedstock:opence-conda-env-py3.10-cuda-openmpi-11.8.yaml" class="pytorch-lightning-feedstock:opence-conda-env-py3.10-cuda-openmpi-11.8.yaml" file="tests/open-ce-tests.yaml"/>
		<testcase name="Setup torchmetrics Tests" time="75.445300" timestamp="1681979849.1841161" classname="pytorch-lightning-feedstock:opence-conda-env-py3.10-cuda-openmpi-11.8.yaml" class="pytorch-lightning-feedstock:opence-conda-env-py3.10-cuda-openmpi-11.8.yaml" file="tests/open-ce-tests.yaml"/>
		<testcase name="Run torchmetrics tests" time="248.972401" timestamp="1681979924.6295512" classname="pytorch-lightning-feedstock:opence-conda-env-py3.10-cuda-openmpi-11.8.yaml" class="pytorch-lightning-feedstock:opence-conda-env-py3.10-cuda-openmpi-11.8.yaml" file="tests/open-ce-tests.yaml"/>
		<testcase name="Clean tests" time="0.586594" timestamp="1681980173.6030362" classname="pytorch-lightning-feedstock:opence-conda-env-py3.10-cuda-openmpi-11.8.yaml" class="pytorch-lightning-feedstock:opence-conda-env-py3.10-cuda-openmpi-11.8.yaml" file="tests/open-ce-tests.yaml"/>
		<testcase name="Remove conda environment opence-conda-env-20230420083157" time="2.133918" timestamp="1681980174.1897533" classname="pytorch-lightning-feedstock:opence-conda-env-py3.10-cuda-openmpi-11.8.yaml" class="pytorch-lightning-feedstock:opence-conda-env-py3.10-cuda-openmpi-11.8.yaml" file="Postfix-tests/open-ce-tests.yaml"/>
	</testsuite>
</testsuites>
